  --non-interactive is not supported, use $CI=1 instead
Starting project at /app
React Compiler enabled
Starting Metro Bundler
Waiting on http://localhost:8081
Logs for your project will appear below.
Web node_modules/expo-router/entry.js ░░░░░░░░░░░░░░░░  0.0% (0/1)
λ Bundled 3182ms node_modules/expo-router/node/render.js (1220 modules)
Web node_modules/expo-router/entry.js ▓▓▓▓▓▓▓▓▓▓▓▓▓▓▓░ 99.9% (1269/1269)
λ  WARN  props.pointerEvents is deprecated. Use style.pointerEvents
Web Bundled 9221ms node_modules/expo-router/entry.js (1269 modules)
Web node_modules/expo-router/entry.js ▓▓▓▓▓▓▓▓▓▓▓▓▓▓▓░ 99.9% (1269/1269)
Web Bundled 2830ms node_modules/expo-router/entry.js (1249 modules)
 LOG  [web] Logs will appear in the browser console
Web node_modules/expo-router/entry.js ░░░░░░░░░░░░░░░░  0.0% (0/1)
λ Bundled 81ms node_modules/expo-router/node/render.js (1 module)
λ  WARN  props.pointerEvents is deprecated. Use style.pointerEvents
Web Bundled 2667ms node_modules/expo-router/entry.js (1 module)
Web node_modules/expo-router/entry.js ░░░░░░░░░░░░░░░░  0.0% (0/1)
Web Bundled 113ms node_modules/expo-router/entry.js (1 module)
 LOG  [web] Logs will appear in the browser console
Web node_modules/expo-router/entry.js ░░░░░░░░░░░░░░░░  0.0% (0/1)
λ Bundled 828ms node_modules/expo-router/node/render.js (1 module)
λ  WARN  props.pointerEvents is deprecated. Use style.pointerEvents
Web Bundled 1924ms node_modules/expo-router/entry.js (1 module)
Web Bundled 172ms node_modules/expo-router/entry.js (1 module)
 LOG  [web] Logs will appear in the browser console
Web node_modules/expo-router/entry.js ░░░░░░░░░░░░░░░░  0.0% (0/1)
λ Bundled 44ms node_modules/expo-router/node/render.js (1 module)
λ  WARN  props.pointerEvents is deprecated. Use style.pointerEvents
Web Bundled 1587ms node_modules/expo-router/entry.js (1 module)
Web Bundled 93ms node_modules/expo-router/entry.js (1 module)
 LOG  [web] Logs will appear in the browser console
Web node_modules/expo-router/entry.js ░░░░░░░░░░░░░░░░  0.0% (0/1)
λ Bundled 83ms node_modules/expo-router/node/render.js (1 module)
λ  WARN  props.pointerEvents is deprecated. Use style.pointerEvents
Web Bundled 843ms node_modules/expo-router/entry.js (1 module)
Web Bundled 72ms node_modules/expo-router/entry.js (1 module)
 LOG  [web] Logs will appear in the browser console
Web node_modules/expo-router/entry.js ░░░░░░░░░░░░░░░░  0.0% (0/1)
λ Bundled 72ms node_modules/expo-router/node/render.js (1 module)
λ  WARN  props.pointerEvents is deprecated. Use style.pointerEvents
Web Bundled 773ms node_modules/expo-router/entry.js (1 module)
Web Bundled 76ms node_modules/expo-router/entry.js (1 module)
 LOG  [web] Logs will appear in the browser console
Web node_modules/expo-router/entry.js ░░░░░░░░░░░░░░░░  0.0% (0/1)
λ Bundled 48ms node_modules/expo-router/node/render.js (1 module)
λ  WARN  props.pointerEvents is deprecated. Use style.pointerEvents
Web Bundled 571ms node_modules/expo-router/entry.js (1 module)
Web Bundled 60ms node_modules/expo-router/entry.js (1 module)
 LOG  [web] Logs will appear in the browser console
Web node_modules/expo-router/entry.js ░░░░░░░░░░░░░░░░  0.0% (0/1)
λ Bundled 42ms node_modules/expo-router/node/render.js (1 module)
λ  WARN  props.pointerEvents is deprecated. Use style.pointerEvents
Web Bundled 661ms node_modules/expo-router/entry.js (1 module)
Web Bundled 59ms node_modules/expo-router/entry.js (1 module)
 LOG  [web] Logs will appear in the browser console
Web node_modules/expo-router/entry.js ░░░░░░░░░░░░░░░░  0.0% (0/1)
λ Bundled 41ms node_modules/expo-router/node/render.js (1 module)
λ  WARN  props.pointerEvents is deprecated. Use style.pointerEvents
Web Bundled 639ms node_modules/expo-router/entry.js (1 module)
Web Bundled 68ms node_modules/expo-router/entry.js (1 module)
 LOG  [web] Logs will appear in the browser console
